[nivel]
origen=jungle1.png
alto=32
ancho=32
mapa=................................
     .*#p###<#####p###########<####$.
     ._spssssssssppsssspsssssssssss!.
     ._sppssssspssps<pppssssssssss<!.
     ._pssssssppsspssssppsspsssssss!.
     ._ps<spppspsspsppppppppsssssss!.
     ._psssspsspsspsssspssspsssssss!.
     ._pppppsssssspsssssspspsssssss!.
     ._psssssssspspsppppppppsssssss!.
     ._s<ssssspspspspsss<ssssssssss!.
     ._ssssssssssssspsspsspppsssss<!.
     ._spspppppppppsppppsspspppppss!.
     ._sppspssssspsspssppppssss<pss!.
     ._sspssssp<spspppspsspppspppss!.
     ._pspsssspsspsspssppspsssps<ss!.
     ._psps<spppppssp<ssssp<sspssss!.
     ._pspsssspppppspppppspssspppps!.
     ._ppssspsssspssssssssppsss<sps!.
     ./%%%%%%%%%%%%<%%<%%%%%%%%%%p%|.
     ................................
[.]
nombre=bloque
x=12
y=2
muro= si
muere = no
letra = no
llave = no
puerta= no

[s]
nombre=selva
x= 7
y= 12
muro=no
muere = no
letra = no
llave = no
puerta= no


[;]
nombre=puerta salida
x=5
y=5
verdadera=True
muro=no
llave=si
muere = no
letra = no
puerta= si

[<]
nombre=lava
x=4
y=5
muro=no
muere = si
letra = no
llave = no
puerta= no

[p]
nombre=piedra
x=8
y=8
muro=si
muere = no
letra = no
llave = no
puerta= no

[*]
nombre=borde1
x=9
y=13
muro=no
muere = no
letra = no
llave = no
puerta= no

[#]
nombre=borde2
x=10
y=13
muro=no
muere = no
letra = no
llave = no
puerta= no

[$]
nombre=borde3
x=11
y=13
muro=no
muere = no
letra = no
llave = no
puerta= no

[!]
nombre=borde4
x=11
y=14
muro=no
muere = no
letra = no
llave = no
puerta= no

[|]
nombre=borde5
x=11
y=15
muro=no
muere = no
letra = no
llave = no
puerta= no

[%]
nombre=borde6
x=10
y=15
muro=no
muere = no
letra = no
llave = no
puerta= no

[/]
nombre=borde7
x=9
y=15
muro=no
muere = no
letra = no
llave = no
puerta= no

[_]
nombre=borde8
x=9
y=14
muro=no
muere = no
letra = no
llave = no
puerta= no

[r]
nombre=rellen
x=7
y=8
muro=si
muere = si
letra = no
llave = no
puerta= no
